// Jest Snapshot v1, https://goo.gl/fbAQLP

exports[`헤더 컴포넌트 테스트 스냅샷 출력 결과물과 동일하게 렌더링된다. 1`] = `
<div>
  <div />
</div>
`;
